  lightDemo.cpp
<<<<<<< Updated upstream
C:\Users\iness\Documents\mestrado\avt\AVT_Proj\MyAVT_Template\lightDemo.cpp(212,27): warning C4244: 'argument': conversion from 'int' to 'float', possible loss of data
C:\Users\iness\Documents\mestrado\avt\AVT_Proj\MyAVT_Template\lightDemo.cpp(212,17): warning C4244: 'argument': conversion from 'int' to 'float', possible loss of data
C:\Users\iness\Documents\mestrado\avt\AVT_Proj\MyAVT_Template\lightDemo.cpp(307,36): warning C4244: '=': conversion from 'int' to 'float', possible loss of data
C:\Users\iness\Documents\mestrado\avt\AVT_Proj\MyAVT_Template\lightDemo.cpp(309,36): warning C4244: '=': conversion from 'int' to 'float', possible loss of data
C:\Users\iness\Documents\mestrado\avt\AVT_Proj\MyAVT_Template\lightDemo.cpp(810,22): warning C4305: '=': truncation from 'double' to 'float'
C:\Users\iness\Documents\mestrado\avt\AVT_Proj\MyAVT_Template\lightDemo.cpp(813,22): warning C4305: '=': truncation from 'double' to 'float'
C:\Users\iness\Documents\mestrado\avt\AVT_Proj\MyAVT_Template\lightDemo.cpp(840,35): warning C4244: '=': conversion from 'int' to 'float', possible loss of data
C:\Users\iness\Documents\mestrado\avt\AVT_Proj\MyAVT_Template\lightDemo.cpp(842,35): warning C4244: '=': conversion from 'int' to 'float', possible loss of data
  Generating code
  2 of 807 functions ( 0.2%) were compiled, the rest were copied from previous compilation.
    0 functions were new in current compilation
    10 functions had inline decision re-evaluated but remain unchanged
=======
C:\Users\Guilherme\Desktop\universidade\avt\avt_proj\MyAVT_Template\lightDemo.cpp(234,27): warning C4244: 'argument': conversion from 'int' to 'float', possible loss of data
C:\Users\Guilherme\Desktop\universidade\avt\avt_proj\MyAVT_Template\lightDemo.cpp(234,17): warning C4244: 'argument': conversion from 'int' to 'float', possible loss of data
C:\Users\Guilherme\Desktop\universidade\avt\avt_proj\MyAVT_Template\lightDemo.cpp(366,36): warning C4244: '=': conversion from 'int' to 'float', possible loss of data
C:\Users\Guilherme\Desktop\universidade\avt\avt_proj\MyAVT_Template\lightDemo.cpp(368,36): warning C4244: '=': conversion from 'int' to 'float', possible loss of data
C:\Users\Guilherme\Desktop\universidade\avt\avt_proj\MyAVT_Template\lightDemo.cpp(956,22): warning C4305: '=': truncation from 'double' to 'float'
C:\Users\Guilherme\Desktop\universidade\avt\avt_proj\MyAVT_Template\lightDemo.cpp(959,22): warning C4305: '=': truncation from 'double' to 'float'
C:\Users\Guilherme\Desktop\universidade\avt\avt_proj\MyAVT_Template\lightDemo.cpp(986,35): warning C4244: '=': conversion from 'int' to 'float', possible loss of data
C:\Users\Guilherme\Desktop\universidade\avt\avt_proj\MyAVT_Template\lightDemo.cpp(988,35): warning C4244: '=': conversion from 'int' to 'float', possible loss of data
  Generating code
  Previous IPDB and IOBJ mismatch, fall back to full compilation.
  All 774 functions were compiled because no usable IPDB/IOBJ from previous compilation was found.
>>>>>>> Stashed changes
  Finished generating code
  MyAVT_Template.vcxproj -> C:\Users\Guilherme\Desktop\universidade\avt\avt_proj\x64\Release\MyAVT_Template.exe
  0 File(s) copied
