c:\users\iness\documents\mestrado\avt\avt_proj\myavt_template\x64\release\vc143.pdb
c:\users\iness\documents\mestrado\avt\avt_proj\myavt_template\x64\release\texture.obj
c:\users\iness\documents\mestrado\avt\avt_proj\myavt_template\x64\release\shader.obj
c:\users\iness\documents\mestrado\avt\avt_proj\myavt_template\x64\release\renderer.obj
c:\users\iness\documents\mestrado\avt\avt_proj\myavt_template\x64\release\mathutility.obj
c:\users\iness\documents\mestrado\avt\avt_proj\myavt_template\x64\release\lightdemo.obj
c:\users\iness\documents\mestrado\avt\avt_proj\myavt_template\x64\release\basic_geometry.obj
c:\users\iness\documents\mestrado\avt\avt_proj\x64\release\myavt_template.exe
c:\users\iness\documents\mestrado\avt\avt_proj\x64\release\myavt_template.pdb
<<<<<<< updated upstream
c:\users\iness\documents\mestrado\avt\avt_proj\myavt_template\x64\release\myavt_template.ipdb
c:\users\iness\documents\mestrado\avt\avt_proj\myavt_template\x64\release\myavt_template.iobj
=======
c:\users\matt\downloads\técnico\meic\avt\project\avt_proj\myavt_template\x64\release\myavt_template.ipdb
c:\users\matt\downloads\técnico\meic\avt\project\avt_proj\myavt_template\x64\release\myavt_template.iobj
>>>>>>> stashed changes
c:\users\matt\downloads\técnico\meic\avt\project\avt_proj\myavt_template\x64\release\basic_geometry.obj
c:\users\matt\downloads\técnico\meic\avt\project\avt_proj\myavt_template\x64\release\lightdemo.obj
c:\users\matt\downloads\técnico\meic\avt\project\avt_proj\myavt_template\x64\release\mathutility.obj
c:\users\matt\downloads\técnico\meic\avt\project\avt_proj\myavt_template\x64\release\renderer.obj
c:\users\matt\downloads\técnico\meic\avt\project\avt_proj\myavt_template\x64\release\shader.obj
c:\users\matt\downloads\técnico\meic\avt\project\avt_proj\myavt_template\x64\release\texture.obj
c:\users\matt\downloads\técnico\meic\avt\project\avt_proj\myavt_template\x64\release\vc143.pdb
c:\users\matt\downloads\técnico\meic\avt\project\avt_proj\x64\release\myavt_template.pdb
c:\users\matt\downloads\técnico\meic\avt\project\avt_proj\x64\release\myavt_template.exe
c:\users\matt\downloads\técnico\meic\avt\project\avt_proj\myavt_template\x64\release\myavt_template.tlog\cl.command.1.tlog
c:\users\matt\downloads\técnico\meic\avt\project\avt_proj\myavt_template\x64\release\myavt_template.tlog\cl.items.tlog
c:\users\matt\downloads\técnico\meic\avt\project\avt_proj\myavt_template\x64\release\myavt_template.tlog\cl.read.1.tlog
c:\users\matt\downloads\técnico\meic\avt\project\avt_proj\myavt_template\x64\release\myavt_template.tlog\cl.write.1.tlog
c:\users\matt\downloads\técnico\meic\avt\project\avt_proj\myavt_template\x64\release\myavt_template.tlog\link.command.1.tlog
c:\users\matt\downloads\técnico\meic\avt\project\avt_proj\myavt_template\x64\release\myavt_template.tlog\link.read.1.tlog
c:\users\matt\downloads\técnico\meic\avt\project\avt_proj\myavt_template\x64\release\myavt_template.tlog\link.secondary.1.tlog
c:\users\matt\downloads\técnico\meic\avt\project\avt_proj\myavt_template\x64\release\myavt_template.tlog\link.write.1.tlog
